Archive member included to satisfy reference by file (symbol)

c:/dev/gnu tools arm embedded/5.4 2016q3/bin/../lib/gcc/arm-none-eabi/5.4.1/armv6-m\libgcc.a(_udivsi3.o)
                              ./system/src/stm32f0-hal/stm32f0xx_hal.o (__aeabi_uidiv)
c:/dev/gnu tools arm embedded/5.4 2016q3/bin/../lib/gcc/arm-none-eabi/5.4.1/armv6-m\libgcc.a(_dvmd_tls.o)
                              c:/dev/gnu tools arm embedded/5.4 2016q3/bin/../lib/gcc/arm-none-eabi/5.4.1/armv6-m\libgcc.a(_udivsi3.o) (__aeabi_idiv0)
c:/dev/gnu tools arm embedded/5.4 2016q3/bin/../lib/gcc/arm-none-eabi/5.4.1/../../../../arm-none-eabi/lib/armv6-m\libg_nano.a(lib_a-errno.o)
                              ./system/src/newlib/sbrk.o (__errno)
c:/dev/gnu tools arm embedded/5.4 2016q3/bin/../lib/gcc/arm-none-eabi/5.4.1/../../../../arm-none-eabi/lib/armv6-m\libg_nano.a(lib_a-fwrite.o)
                              ./src/main.o (fwrite)
c:/dev/gnu tools arm embedded/5.4 2016q3/bin/../lib/gcc/arm-none-eabi/5.4.1/../../../../arm-none-eabi/lib/armv6-m\libg_nano.a(lib_a-impure.o)
                              ./src/main.o (_impure_ptr)
c:/dev/gnu tools arm embedded/5.4 2016q3/bin/../lib/gcc/arm-none-eabi/5.4.1/../../../../arm-none-eabi/lib/armv6-m\libg_nano.a(lib_a-memcpy-stub.o)
                              ./system/src/stm32f0-hal/stm32f0xx_hal_rcc.o (memcpy)
c:/dev/gnu tools arm embedded/5.4 2016q3/bin/../lib/gcc/arm-none-eabi/5.4.1/../../../../arm-none-eabi/lib/armv6-m\libg_nano.a(lib_a-puts.o)
                              ./src/main.o (puts)
c:/dev/gnu tools arm embedded/5.4 2016q3/bin/../lib/gcc/arm-none-eabi/5.4.1/../../../../arm-none-eabi/lib/armv6-m\libg_nano.a(lib_a-strlen.o)
                              ./system/src/diag/trace.o (strlen)
c:/dev/gnu tools arm embedded/5.4 2016q3/bin/../lib/gcc/arm-none-eabi/5.4.1/../../../../arm-none-eabi/lib/armv6-m\libg_nano.a(lib_a-vsnprintf.o)
                              ./system/src/diag/trace.o (vsnprintf)
c:/dev/gnu tools arm embedded/5.4 2016q3/bin/../lib/gcc/arm-none-eabi/5.4.1/../../../../arm-none-eabi/lib/armv6-m\libg_nano.a(lib_a-wbuf.o)
                              c:/dev/gnu tools arm embedded/5.4 2016q3/bin/../lib/gcc/arm-none-eabi/5.4.1/../../../../arm-none-eabi/lib/armv6-m\libg_nano.a(lib_a-fwrite.o) (__swbuf_r)
c:/dev/gnu tools arm embedded/5.4 2016q3/bin/../lib/gcc/arm-none-eabi/5.4.1/../../../../arm-none-eabi/lib/armv6-m\libg_nano.a(lib_a-wsetup.o)
                              c:/dev/gnu tools arm embedded/5.4 2016q3/bin/../lib/gcc/arm-none-eabi/5.4.1/../../../../arm-none-eabi/lib/armv6-m\libg_nano.a(lib_a-fwrite.o) (__swsetup_r)
c:/dev/gnu tools arm embedded/5.4 2016q3/bin/../lib/gcc/arm-none-eabi/5.4.1/../../../../arm-none-eabi/lib/armv6-m\libg_nano.a(lib_a-fflush.o)
                              c:/dev/gnu tools arm embedded/5.4 2016q3/bin/../lib/gcc/arm-none-eabi/5.4.1/../../../../arm-none-eabi/lib/armv6-m\libg_nano.a(lib_a-wbuf.o) (_fflush_r)
c:/dev/gnu tools arm embedded/5.4 2016q3/bin/../lib/gcc/arm-none-eabi/5.4.1/../../../../arm-none-eabi/lib/armv6-m\libg_nano.a(lib_a-findfp.o)
                              c:/dev/gnu tools arm embedded/5.4 2016q3/bin/../lib/gcc/arm-none-eabi/5.4.1/../../../../arm-none-eabi/lib/armv6-m\libg_nano.a(lib_a-fwrite.o) (__sinit)
c:/dev/gnu tools arm embedded/5.4 2016q3/bin/../lib/gcc/arm-none-eabi/5.4.1/../../../../arm-none-eabi/lib/armv6-m\libg_nano.a(lib_a-fwalk.o)
                              c:/dev/gnu tools arm embedded/5.4 2016q3/bin/../lib/gcc/arm-none-eabi/5.4.1/../../../../arm-none-eabi/lib/armv6-m\libg_nano.a(lib_a-findfp.o) (_fwalk)
c:/dev/gnu tools arm embedded/5.4 2016q3/bin/../lib/gcc/arm-none-eabi/5.4.1/../../../../arm-none-eabi/lib/armv6-m\libg_nano.a(lib_a-makebuf.o)
                              c:/dev/gnu tools arm embedded/5.4 2016q3/bin/../lib/gcc/arm-none-eabi/5.4.1/../../../../arm-none-eabi/lib/armv6-m\libg_nano.a(lib_a-wsetup.o) (__smakebuf_r)
c:/dev/gnu tools arm embedded/5.4 2016q3/bin/../lib/gcc/arm-none-eabi/5.4.1/../../../../arm-none-eabi/lib/armv6-m\libg_nano.a(lib_a-memset.o)
                              c:/dev/gnu tools arm embedded/5.4 2016q3/bin/../lib/gcc/arm-none-eabi/5.4.1/../../../../arm-none-eabi/lib/armv6-m\libg_nano.a(lib_a-findfp.o) (memset)
c:/dev/gnu tools arm embedded/5.4 2016q3/bin/../lib/gcc/arm-none-eabi/5.4.1/../../../../arm-none-eabi/lib/armv6-m\libg_nano.a(lib_a-nano-freer.o)
                              c:/dev/gnu tools arm embedded/5.4 2016q3/bin/../lib/gcc/arm-none-eabi/5.4.1/../../../../arm-none-eabi/lib/armv6-m\libg_nano.a(lib_a-wsetup.o) (_free_r)
c:/dev/gnu tools arm embedded/5.4 2016q3/bin/../lib/gcc/arm-none-eabi/5.4.1/../../../../arm-none-eabi/lib/armv6-m\libg_nano.a(lib_a-nano-mallocr.o)
                              c:/dev/gnu tools arm embedded/5.4 2016q3/bin/../lib/gcc/arm-none-eabi/5.4.1/../../../../arm-none-eabi/lib/armv6-m\libg_nano.a(lib_a-findfp.o) (_malloc_r)
[...]
Memory Configuration

Name             Origin             Length             Attributes
RAM              0x20000000         0x00002000         xrw
CCMRAM           0x00000000         0x00000000         xrw
FLASH            0x08000000         0x00010000         xr
FLASHB1          0x00000000         0x00000000         xr
EXTMEMB0         0x00000000         0x00000000         xr
EXTMEMB1         0x00000000         0x00000000         xr
EXTMEMB2         0x00000000         0x00000000         xr
EXTMEMB3         0x00000000         0x00000000         xr
MEMORY_ARRAY     0x00000000         0x00000000         xrw
*default*        0x00000000         0xffffffff

Linker script and memory map

LOAD ./system/src/stm32f0-hal/stm32f0xx_hal.o
LOAD ./system/src/stm32f0-hal/stm32f0xx_hal_cortex.o
LOAD ./system/src/stm32f0-hal/stm32f0xx_hal_flash.o
LOAD ./system/src/stm32f0-hal/stm32f0xx_hal_flash_ex.o
LOAD ./system/src/stm32f0-hal/stm32f0xx_hal_gpio.o
LOAD ./system/src/stm32f0-hal/stm32f0xx_hal_iwdg.o
LOAD ./system/src/stm32f0-hal/stm32f0xx_hal_pwr.o
LOAD ./system/src/stm32f0-hal/stm32f0xx_hal_rcc.o
LOAD ./system/src/stm32f0-hal/stm32f0xx_hal_tsc.o
LOAD ./system/src/newlib/assert.o
LOAD ./system/src/newlib/cxx.o
LOAD ./system/src/newlib/exit.o
LOAD ./system/src/newlib/sbrk.o
LOAD ./system/src/newlib/startup.o
LOAD ./system/src/newlib/syscalls.o
LOAD ./system/src/diag/trace-impl.o
LOAD ./system/src/diag/trace.o
LOAD ./system/src/cortexm/exception-handlers.o
LOAD ./system/src/cortexm/initialize-hardware.o
LOAD ./system/src/cortexm/reset-hardware.o
LOAD ./system/src/cmsis/system_stm32f0xx.o
LOAD ./system/src/cmsis/vectors_stm32f051x8.o
LOAD ./src/initialize-hardware.o
LOAD ./src/main.o
LOAD ./src/stm32f0xx_hal_msp.o
LOAD ./src/write.o
LOAD c:/dev/gnu tools arm embedded/5.4 2016q3/bin/../lib/gcc/arm-none-eabi/5.4.1/../../../../arm-none-eabi/lib/armv6-m\libstdc++_nano.a
LOAD c:/dev/gnu tools arm embedded/5.4 2016q3/bin/../lib/gcc/arm-none-eabi/5.4.1/../../../../arm-none-eabi/lib/armv6-m\libm.a
START GROUP
LOAD c:/dev/gnu tools arm embedded/5.4 2016q3/bin/../lib/gcc/arm-none-eabi/5.4.1/armv6-m\libgcc.a
LOAD c:/dev/gnu tools arm embedded/5.4 2016q3/bin/../lib/gcc/arm-none-eabi/5.4.1/../../../../arm-none-eabi/lib/armv6-m\libg_nano.a
LOAD c:/dev/gnu tools arm embedded/5.4 2016q3/bin/../lib/gcc/arm-none-eabi/5.4.1/../../../../arm-none-eabi/lib/armv6-m\libc_nano.a
END GROUP
START GROUP
LOAD c:/dev/gnu tools arm embedded/5.4 2016q3/bin/../lib/gcc/arm-none-eabi/5.4.1/armv6-m\libgcc.a
LOAD c:/dev/gnu tools arm embedded/5.4 2016q3/bin/../lib/gcc/arm-none-eabi/5.4.1/../../../../arm-none-eabi/lib/armv6-m\libc_nano.a
END GROUP
                0x20002000                __stack = (ORIGIN (RAM) + LENGTH (RAM))
                0x20002000                _estack = __stack
                0x00000400                __Main_Stack_Size = 0x400
                [!provide]                PROVIDE (_Main_Stack_Size, __Main_Stack_Size)
                0x20001c00                __Main_Stack_Limit = (__stack - __Main_Stack_Size)
                [!provide]                PROVIDE (_Main_Stack_Limit, __Main_Stack_Limit)
                0x00000100                _Minimum_Stack_Size = 0x100
                0x20000120                PROVIDE (_Heap_Begin, _end_noinit)
                0x20001c00                PROVIDE (_Heap_Limit, (__stack - __Main_Stack_Size))

.isr_vector     0x08000000      0x228
 FILL mask 0xff
                0x08000000                __vectors_start = ABSOLUTE (.)
                0x08000000                __vectors_start__ = ABSOLUTE (.)
 *(.isr_vector)
 .isr_vector    0x08000000       0xbc ./system/src/cmsis/vectors_stm32f051x8.o
                0x08000000                __isr_vectors
 *(.cfmconfig)
 *(.after_vectors .after_vectors.*)
 .after_vectors
                0x080000bc      0x118 ./system/src/newlib/startup.o
                0x080000bc                _start
 .after_vectors
                0x080001d4       0x50 ./system/src/cortexm/exception-handlers.o
                0x080001d4                Reset_Handler
                0x080001dc                NMI_Handler
                0x080001e0                HardFault_Handler
                0x080001f8                HardFault_Handler_C
                0x08000214                SVC_Handler
                0x08000218                PendSV_Handler
                0x0800021c                SysTick_Handler
 .after_vectors
                0x08000224        0x4 ./system/src/cmsis/vectors_stm32f051x8.o
                0x08000224                TIM1_CC_IRQHandler
                0x08000224                TSC_IRQHandler
                0x08000224                ADC1_COMP_IRQHandler
                0x08000224                PVD_IRQHandler
                0x08000224                I2C1_IRQHandler
                0x08000224                SPI1_IRQHandler
                0x08000224                TIM6_DAC_IRQHandler
                0x08000224                EXTI2_3_IRQHandler
                0x08000224                I2C2_IRQHandler
                0x08000224                TIM17_IRQHandler
                0x08000224                RTC_IRQHandler
                0x08000224                TIM16_IRQHandler
                0x08000224                TIM3_IRQHandler
                0x08000224                RCC_IRQHandler
                0x08000224                EXTI4_15_IRQHandler
                0x08000224                DMA1_Channel1_IRQHandler
                0x08000224                Default_Handler
                0x08000224                CEC_IRQHandler
                0x08000224                TIM14_IRQHandler
                0x08000224                DMA1_Channel4_5_IRQHandler
                0x08000224                TIM15_IRQHandler
                0x08000224                EXTI0_1_IRQHandler
                0x08000224                SPI2_IRQHandler
                0x08000224                WWDG_IRQHandler
                0x08000224                DMA1_Channel2_3_IRQHandler
                0x08000224                USART2_IRQHandler
                0x08000224                FLASH_IRQHandler
                0x08000224                USART1_IRQHandler
                0x08000224                TIM1_BRK_UP_TRG_COM_IRQHandler

.inits          0x08000228       0x28
                0x08000228                __data_regions_array_start = .
                0x08000228        0x4 LONG 0x8001d50 LOADADDR (.data)
                0x0800022c        0x4 LONG 0x20000000 ADDR (.data)
                0x08000230        0x4 LONG 0x20000084 (ADDR (.data) + SIZEOF (.data))
                0x08000234        0x4 LONG 0x8001d50 LOADADDR (.data_CCMRAM)
                0x08000238        0x4 LONG 0x0 ADDR (.data_CCMRAM)
                0x0800023c        0x4 LONG 0x0 (ADDR (.data_CCMRAM) + SIZEOF (.data_CCMRAM))
                0x08000240                __data_regions_array_end = .
                0x08000240                __bss_regions_array_start = .
                0x08000240        0x4 LONG 0x20000084 ADDR (.bss)
                0x08000244        0x4 LONG 0x20000120 (ADDR (.bss) + SIZEOF (.bss))
                0x08000248        0x4 LONG 0x0 ADDR (.bss_CCMRAM)
                0x0800024c        0x4 LONG 0x0 (ADDR (.bss_CCMRAM) + SIZEOF (.bss_CCMRAM))
                0x08000250                __bss_regions_array_end = .
 *(.init)
 *(.fini)
                0x08000250                . = ALIGN (0x4)
                0x08000250                PROVIDE (__preinit_array_start, .)
 *(.preinit_array_sysinit .preinit_array_sysinit.*)
 *(.preinit_array_platform .preinit_array_platform.*)
 *(.preinit_array .preinit_array.*)
                0x08000250                PROVIDE (__preinit_array_end, .)
                0x08000250                . = ALIGN (0x4)
                0x08000250                PROVIDE (__init_array_start, .)
 *(SORT(.init_array.*))
 *(.init_array)
                0x08000250                PROVIDE (__init_array_end, .)
                0x08000250                . = ALIGN (0x4)
                0x08000250                PROVIDE (__fini_array_start, .)
 *(SORT(.fini_array.*))
 *(.fini_array)
                0x08000250                PROVIDE (__fini_array_end, .)

.flashtext
 *(.flashtext .flashtext.*)

.text           0x08000250     0x1aff
 *(.text .text.*)
 .text.HAL_InitTick
                0x08000250       0x4c ./system/src/stm32f0-hal/stm32f0xx_hal.o
                0x08000250                HAL_InitTick
 .text.HAL_Init
                0x0800029c       0x20 ./system/src/stm32f0-hal/stm32f0xx_hal.o
                0x0800029c                HAL_Init
 .text.HAL_NVIC_SetPriority
                0x080002bc       0x7c ./system/src/stm32f0-hal/stm32f0xx_hal_cortex.o
                0x080002bc                HAL_NVIC_SetPriority
 .text.HAL_SYSTICK_Config
                0x08000338       0x38 ./system/src/stm32f0-hal/stm32f0xx_hal_cortex.o
                0x08000338                HAL_SYSTICK_Config
 .text.HAL_SYSTICK_CLKSourceConfig
                0x08000370       0x3c ./system/src/stm32f0-hal/stm32f0xx_hal_cortex.o
                0x08000370                HAL_SYSTICK_CLKSourceConfig
 .text.HAL_RCC_GetHCLKFreq
                0x080003ac        0xc ./system/src/stm32f0-hal/stm32f0xx_hal_rcc.o
                0x080003ac                HAL_RCC_GetHCLKFreq
 .text._exit    0x080003b8        0x4 ./system/src/newlib/exit.o
                0x080003b8                _exit
 .text._sbrk    0x080003bc       0x44 ./system/src/newlib/sbrk.o
                0x080003bc                _sbrk
 .text.__initialize_args
                0x08000400       0x10 ./system/src/newlib/syscalls.o
                0x08000400                __initialize_args
 .text._close   0x08000410       0x10 ./system/src/newlib/syscalls.o
                0x08000410                _close
 .text._fstat   0x08000420       0x10 ./system/src/newlib/syscalls.o
                0x08000420                _fstat
 .text._isatty  0x08000430       0x10 ./system/src/newlib/syscalls.o
                0x08000430                _isatty
 .text._lseek   0x08000440       0x10 ./system/src/newlib/syscalls.o
                0x08000440                _lseek
 .text._read    0x08000450       0x10 ./system/src/newlib/syscalls.o
                0x08000450                _read
 .text._trace_write_semihosting_debug
                0x08000460       0x68 ./system/src/diag/trace-impl.o
 .text.trace_write
                0x080004c8        0x8 ./system/src/diag/trace-impl.o
                0x080004c8                trace_write
 .text.trace_printf
                0x080004d0       0x2c ./system/src/diag/trace.o
                0x080004d0                trace_printf
 .text.trace_puts
                0x080004fc       0x20 ./system/src/diag/trace.o
                0x080004fc                trace_puts
 .text.dumpExceptionStack
                0x0800051c       0x88 ./system/src/cortexm/exception-handlers.o
                0x0800051c                dumpExceptionStack
 .text.__initialize_hardware_early
                0x080005a4        0x8 ./system/src/cortexm/initialize-hardware.o
                0x080005a4                __initialize_hardware_early
 .text.SystemInit
                0x080005ac        0x4 ./system/src/cmsis/system_stm32f0xx.o
                0x080005ac                SystemInit
 .text.SystemCoreClockUpdate
                0x080005b0       0x90 ./system/src/cmsis/system_stm32f0xx.o
                0x080005b0                SystemCoreClockUpdate
 .text.SystemClock_Config
                0x08000640       0x1c ./src/initialize-hardware.o
                0x08000640                SystemClock_Config
 .text.__initialize_hardware
                0x0800065c       0x10 ./src/initialize-hardware.o
                0x0800065c                __initialize_hardware
 .text.assert_failed
                0x0800066c       0x14 ./src/initialize-hardware.o
                0x0800066c                assert_failed
 .text.SystemClock48MHz
                0x08000680       0x4c ./src/main.o
                0x08000680                SystemClock48MHz
 .text.myGPIOA_Init
                0x080006cc       0x24 ./src/main.o
                0x080006cc                myGPIOA_Init
 .text.myGPIOC_Init
                0x080006f0       0x44 ./src/main.o
                0x080006f0                myGPIOC_Init
 .text.myTIM2_Init
                0x08000734       0x4c ./src/main.o
                0x08000734                myTIM2_Init
 .text.main     0x08000780       0xa0 ./src/main.o
                0x08000780                main
 .text.TIM2_IRQHandler
                0x08000820       0x48 ./src/main.o
                0x08000820                TIM2_IRQHandler
 .text.HAL_MspInit
                0x08000868        0x4 ./src/stm32f0xx_hal_msp.o
                0x08000868                HAL_MspInit
 .text._write   0x0800086c       0x24 ./src/write.o
                0x0800086c                _write
 .text          0x08000890      0x114 c:/dev/gnu tools arm embedded/5.4 2016q3/bin/../lib/gcc/arm-none-eabi/5.4.1/armv6-m\libgcc.a(_udivsi3.o)
                0x08000890                __aeabi_uidiv
                0x08000890                __udivsi3
                0x0800099c                __aeabi_uidivmod
 .text          0x080009a4        0x4 c:/dev/gnu tools arm embedded/5.4 2016q3/bin/../lib/gcc/arm-none-eabi/5.4.1/armv6-m\libgcc.a(_dvmd_tls.o)
                0x080009a4                __aeabi_idiv0
                0x080009a4                __aeabi_ldiv0
 .text.__errno  0x080009a8        0xc c:/dev/gnu tools arm embedded/5.4 2016q3/bin/../lib/gcc/arm-none-eabi/5.4.1/../../../../arm-none-eabi/lib/armv6-m\libg_nano.a(lib_a-errno.o)
                0x080009a8                __errno
 .text._fwrite_r
                0x080009b4       0xa4 c:/dev/gnu tools arm embedded/5.4 2016q3/bin/../lib/gcc/arm-none-eabi/5.4.1/../../../../arm-none-eabi/lib/armv6-m\libg_nano.a(lib_a-fwrite.o)
                0x080009b4                _fwrite_r
 .text.fwrite   0x08000a58       0x18 c:/dev/gnu tools arm embedded/5.4 2016q3/bin/../lib/gcc/arm-none-eabi/5.4.1/../../../../arm-none-eabi/lib/armv6-m\libg_nano.a(lib_a-fwrite.o)
                0x08000a58                fwrite
 .text.memcpy   0x08000a70       0x12 c:/dev/gnu tools arm embedded/5.4 2016q3/bin/../lib/gcc/arm-none-eabi/5.4.1/../../../../arm-none-eabi/lib/armv6-m\libg_nano.a(lib_a-memcpy-stub.o)
                0x08000a70                memcpy
 *fill*         0x08000a82        0x2 
 .text._puts_r  0x08000a84       0xc4 c:/dev/gnu tools arm embedded/5.4 2016q3/bin/../lib/gcc/arm-none-eabi/5.4.1/../../../../arm-none-eabi/lib/armv6-m\libg_nano.a(lib_a-puts.o)
                0x08000a84                _puts_r
 .text.puts     0x08000b48       0x14 c:/dev/gnu tools arm embedded/5.4 2016q3/bin/../lib/gcc/arm-none-eabi/5.4.1/../../../../arm-none-eabi/lib/armv6-m\libg_nano.a(lib_a-puts.o)
                0x08000b48                puts
 .text          0x08000b5c        0xe c:/dev/gnu tools arm embedded/5.4 2016q3/bin/../lib/gcc/arm-none-eabi/5.4.1/../../../../arm-none-eabi/lib/armv6-m\libg_nano.a(lib_a-strlen.o)
                0x08000b5c                strlen
 .text._vsnprintf_r
                0x08000b6a       0x56 c:/dev/gnu tools arm embedded/5.4 2016q3/bin/../lib/gcc/arm-none-eabi/5.4.1/../../../../arm-none-eabi/lib/armv6-m\libg_nano.a(lib_a-vsnprintf.o)
                0x08000b6a                _vsniprintf_r
                0x08000b6a                _vsnprintf_r
 .text.vsnprintf
                0x08000bc0       0x18 c:/dev/gnu tools arm embedded/5.4 2016q3/bin/../lib/gcc/arm-none-eabi/5.4.1/../../../../arm-none-eabi/lib/armv6-m\libg_nano.a(lib_a-vsnprintf.o)
                0x08000bc0                vsniprintf
                0x08000bc0                vsnprintf
 .text.__swbuf_r
                0x08000bd8       0xac c:/dev/gnu tools arm embedded/5.4 2016q3/bin/../lib/gcc/arm-none-eabi/5.4.1/../../../../arm-none-eabi/lib/armv6-m\libg_nano.a(lib_a-wbuf.o)
                0x08000bd8                __swbuf_r
 .text.__swsetup_r
                0x08000c84       0xec c:/dev/gnu tools arm embedded/5.4 2016q3/bin/../lib/gcc/arm-none-eabi/5.4.1/../../../../arm-none-eabi/lib/armv6-m\libg_nano.a(lib_a-wsetup.o)
                0x08000c84                __swsetup_r
 .text.__sflush_r
                0x08000d70      0x10c c:/dev/gnu tools arm embedded/5.4 2016q3/bin/../lib/gcc/arm-none-eabi/5.4.1/../../../../arm-none-eabi/lib/armv6-m\libg_nano.a(lib_a-fflush.o)
                0x08000d70                __sflush_r
 .text._fflush_r
                0x08000e7c       0x58 c:/dev/gnu tools arm embedded/5.4 2016q3/bin/../lib/gcc/arm-none-eabi/5.4.1/../../../../arm-none-eabi/lib/armv6-m\libg_nano.a(lib_a-fflush.o)
                0x08000e7c                _fflush_r
 .text._cleanup_r
                0x08000ed4       0x10 c:/dev/gnu tools arm embedded/5.4 2016q3/bin/../lib/gcc/arm-none-eabi/5.4.1/../../../../arm-none-eabi/lib/armv6-m\libg_nano.a(lib_a-findfp.o)
                0x08000ed4                _cleanup_r
 .text.std.isra.0
                0x08000ee4       0x48 c:/dev/gnu tools arm embedded/5.4 2016q3/bin/../lib/gcc/arm-none-eabi/5.4.1/../../../../arm-none-eabi/lib/armv6-m\libg_nano.a(lib_a-findfp.o)
 .text.__sfmoreglue
                0x08000f2c       0x2c c:/dev/gnu tools arm embedded/5.4 2016q3/bin/../lib/gcc/arm-none-eabi/5.4.1/../../../../arm-none-eabi/lib/armv6-m\libg_nano.a(lib_a-findfp.o)
                0x08000f2c                __sfmoreglue
 .text.__sinit  0x08000f58       0x68 c:/dev/gnu tools arm embedded/5.4 2016q3/bin/../lib/gcc/arm-none-eabi/5.4.1/../../../../arm-none-eabi/lib/armv6-m\libg_nano.a(lib_a-findfp.o)
                0x08000f58                __sinit
 .text.__sfp    0x08000fc0       0x7c c:/dev/gnu tools arm embedded/5.4 2016q3/bin/../lib/gcc/arm-none-eabi/5.4.1/../../../../arm-none-eabi/lib/armv6-m\libg_nano.a(lib_a-findfp.o)
                0x08000fc0                __sfp
 .text._fwalk_reent
                0x0800103c       0x42 c:/dev/gnu tools arm embedded/5.4 2016q3/bin/../lib/gcc/arm-none-eabi/5.4.1/../../../../arm-none-eabi/lib/armv6-m\libg_nano.a(lib_a-fwalk.o)
                0x0800103c                _fwalk_reent
 *fill*         0x0800107e        0x2 
 .text.__swhatbuf_r
                0x08001080       0x4c c:/dev/gnu tools arm embedded/5.4 2016q3/bin/../lib/gcc/arm-none-eabi/5.4.1/../../../../arm-none-eabi/lib/armv6-m\libg_nano.a(lib_a-makebuf.o)
                0x08001080                __swhatbuf_r
 .text.__smakebuf_r
                0x080010cc       0x7c c:/dev/gnu tools arm embedded/5.4 2016q3/bin/../lib/gcc/arm-none-eabi/5.4.1/../../../../arm-none-eabi/lib/armv6-m\libg_nano.a(lib_a-makebuf.o)
                0x080010cc                __smakebuf_r
 .text.memset   0x08001148       0x10 c:/dev/gnu tools arm embedded/5.4 2016q3/bin/../lib/gcc/arm-none-eabi/5.4.1/../../../../arm-none-eabi/lib/armv6-m\libg_nano.a(lib_a-memset.o)
                0x08001148                memset
 .text._free_r  0x08001158       0x98 c:/dev/gnu tools arm embedded/5.4 2016q3/bin/../lib/gcc/arm-none-eabi/5.4.1/../../../../arm-none-eabi/lib/armv6-m\libg_nano.a(lib_a-nano-freer.o)
                0x08001158                _free_r
 .text._malloc_r
                0x080011f0       0xc0 c:/dev/gnu tools arm embedded/5.4 2016q3/bin/../lib/gcc/arm-none-eabi/5.4.1/../../../../arm-none-eabi/lib/armv6-m\libg_nano.a(lib_a-nano-mallocr.o)
                0x080011f0                _malloc_r
 .text.__ssputs_r
                0x080012b0       0xc4 c:/dev/gnu tools arm embedded/5.4 2016q3/bin/../lib/gcc/arm-none-eabi/5.4.1/../../../../arm-none-eabi/lib/armv6-m\libg_nano.a(lib_a-nano-svfprintf.o)
                0x080012b0                __ssputs_r
 .text._svfprintf_r
                0x08001374      0x1fc c:/dev/gnu tools arm embedded/5.4 2016q3/bin/../lib/gcc/arm-none-eabi/5.4.1/../../../../arm-none-eabi/lib/armv6-m\libg_nano.a(lib_a-nano-svfprintf.o)
                0x08001374                _svfiprintf_r
                0x08001374                _svfprintf_r
 .text._printf_common
                0x08001570       0xdc c:/dev/gnu tools arm embedded/5.4 2016q3/bin/../lib/gcc/arm-none-eabi/5.4.1/../../../../arm-none-eabi/lib/armv6-m\libg_nano.a(lib_a-nano-vfprintf_i.o)
                0x08001570                _printf_common
 .text._printf_i
                0x0800164c      0x244 c:/dev/gnu tools arm embedded/5.4 2016q3/bin/../lib/gcc/arm-none-eabi/5.4.1/../../../../arm-none-eabi/lib/armv6-m\libg_nano.a(lib_a-nano-vfprintf_i.o)
                0x0800164c                _printf_i
 .text._sbrk_r  0x08001890       0x24 c:/dev/gnu tools arm embedded/5.4 2016q3/bin/../lib/gcc/arm-none-eabi/5.4.1/../../../../arm-none-eabi/lib/armv6-m\libg_nano.a(lib_a-sbrkr.o)
                0x08001890                _sbrk_r
 .text.__sread  0x080018b4       0x28 c:/dev/gnu tools arm embedded/5.4 2016q3/bin/../lib/gcc/arm-none-eabi/5.4.1/../../../../arm-none-eabi/lib/armv6-m\libg_nano.a(lib_a-stdio.o)
                0x080018b4                __sread
 .text.__swrite
                0x080018dc       0x38 c:/dev/gnu tools arm embedded/5.4 2016q3/bin/../lib/gcc/arm-none-eabi/5.4.1/../../../../arm-none-eabi/lib/armv6-m\libg_nano.a(lib_a-stdio.o)
                0x080018dc                __swrite
 .text.__sseek  0x08001914       0x2c c:/dev/gnu tools arm embedded/5.4 2016q3/bin/../lib/gcc/arm-none-eabi/5.4.1/../../../../arm-none-eabi/lib/armv6-m\libg_nano.a(lib_a-stdio.o)
                0x08001914                __sseek
 .text.__sclose
                0x08001940        0xc c:/dev/gnu tools arm embedded/5.4 2016q3/bin/../lib/gcc/arm-none-eabi/5.4.1/../../../../arm-none-eabi/lib/armv6-m\libg_nano.a(lib_a-stdio.o)
                0x08001940                __sclose
 .text._write_r
                0x0800194c       0x28 c:/dev/gnu tools arm embedded/5.4 2016q3/bin/../lib/gcc/arm-none-eabi/5.4.1/../../../../arm-none-eabi/lib/armv6-m\libg_nano.a(lib_a-writer.o)
                0x0800194c                _write_r
 .text._close_r
                0x08001974       0x24 c:/dev/gnu tools arm embedded/5.4 2016q3/bin/../lib/gcc/arm-none-eabi/5.4.1/../../../../arm-none-eabi/lib/armv6-m\libg_nano.a(lib_a-closer.o)
                0x08001974                _close_r
 .text._fstat_r
                0x08001998       0x24 c:/dev/gnu tools arm embedded/5.4 2016q3/bin/../lib/gcc/arm-none-eabi/5.4.1/../../../../arm-none-eabi/lib/armv6-m\libg_nano.a(lib_a-fstatr.o)
                0x08001998                _fstat_r
 .text._isatty_r
                0x080019bc       0x24 c:/dev/gnu tools arm embedded/5.4 2016q3/bin/../lib/gcc/arm-none-eabi/5.4.1/../../../../arm-none-eabi/lib/armv6-m\libg_nano.a(lib_a-isattyr.o)
                0x080019bc                _isatty_r
 .text._lseek_r
                0x080019e0       0x28 c:/dev/gnu tools arm embedded/5.4 2016q3/bin/../lib/gcc/arm-none-eabi/5.4.1/../../../../arm-none-eabi/lib/armv6-m\libg_nano.a(lib_a-lseekr.o)
                0x080019e0                _lseek_r
 .text.memchr   0x08001a08       0x16 c:/dev/gnu tools arm embedded/5.4 2016q3/bin/../lib/gcc/arm-none-eabi/5.4.1/../../../../arm-none-eabi/lib/armv6-m\libg_nano.a(lib_a-memchr-stub.o)
                0x08001a08                memchr
 .text.memmove  0x08001a1e       0x2a c:/dev/gnu tools arm embedded/5.4 2016q3/bin/../lib/gcc/arm-none-eabi/5.4.1/../../../../arm-none-eabi/lib/armv6-m\libg_nano.a(lib_a-memmove.o)
                0x08001a1e                memmove
 .text.__malloc_lock
                0x08001a48        0x2 c:/dev/gnu tools arm embedded/5.4 2016q3/bin/../lib/gcc/arm-none-eabi/5.4.1/../../../../arm-none-eabi/lib/armv6-m\libg_nano.a(lib_a-mlock.o)
                0x08001a48                __malloc_lock
 .text.__malloc_unlock
                0x08001a4a        0x2 c:/dev/gnu tools arm embedded/5.4 2016q3/bin/../lib/gcc/arm-none-eabi/5.4.1/../../../../arm-none-eabi/lib/armv6-m\libg_nano.a(lib_a-mlock.o)
                0x08001a4a                __malloc_unlock
 .text._realloc_r
                0x08001a4c       0x4c c:/dev/gnu tools arm embedded/5.4 2016q3/bin/../lib/gcc/arm-none-eabi/5.4.1/../../../../arm-none-eabi/lib/armv6-m\libg_nano.a(lib_a-nano-reallocr.o)
                0x08001a4c                _realloc_r
 .text._read_r  0x08001a98       0x28 c:/dev/gnu tools arm embedded/5.4 2016q3/bin/../lib/gcc/arm-none-eabi/5.4.1/../../../../arm-none-eabi/lib/armv6-m\libg_nano.a(lib_a-readr.o)
                0x08001a98                _read_r
 .text._malloc_usable_size_r
                0x08001ac0       0x16 c:/dev/gnu tools arm embedded/5.4 2016q3/bin/../lib/gcc/arm-none-eabi/5.4.1/../../../../arm-none-eabi/lib/armv6-m\libg_nano.a(lib_a-nano-msizer.o)
                0x08001ac0                _malloc_usable_size_r
 *(.rodata .rodata.* .constdata .constdata.*)
 *fill*         0x08001ad6        0x2 
 .rodata.str1.4
                0x08001ad8       0x31 ./system/src/stm32f0-hal/stm32f0xx_hal_cortex.o
 *fill*         0x08001b09        0x3 
 .rodata.str1.4
                0x08001b0c       0x29 ./system/src/diag/trace.o
                                 0x2d (size before relaxing)
 *fill*         0x08001b35        0x3 
 .rodata.str1.4
                0x08001b38       0xbd ./system/src/cortexm/exception-handlers.o
 *fill*         0x08001bf5        0x3 
 .rodata.AHBPrescTable
                0x08001bf8       0x10 ./system/src/cmsis/system_stm32f0xx.o
                0x08001bf8                AHBPrescTable
 .rodata.str1.4
                0x08001c08       0x2d ./src/initialize-hardware.o
 *fill*         0x08001c35        0x3 
 .rodata.str1.4
                0x08001c38       0x80 ./src/main.o
 .rodata._global_impure_ptr
                0x08001cb8        0x4 c:/dev/gnu tools arm embedded/5.4 2016q3/bin/../lib/gcc/arm-none-eabi/5.4.1/../../../../arm-none-eabi/lib/armv6-m\libg_nano.a(lib_a-impure.o)
                0x08001cb8                _global_impure_ptr
 .rodata.__sf_fake_stdin
                0x08001cbc       0x20 c:/dev/gnu tools arm embedded/5.4 2016q3/bin/../lib/gcc/arm-none-eabi/5.4.1/../../../../arm-none-eabi/lib/armv6-m\libg_nano.a(lib_a-findfp.o)
                0x08001cbc                __sf_fake_stdin
 .rodata.__sf_fake_stdout
                0x08001cdc       0x20 c:/dev/gnu tools arm embedded/5.4 2016q3/bin/../lib/gcc/arm-none-eabi/5.4.1/../../../../arm-none-eabi/lib/armv6-m\libg_nano.a(lib_a-findfp.o)
                0x08001cdc                __sf_fake_stdout
 .rodata.__sf_fake_stderr
                0x08001cfc       0x20 c:/dev/gnu tools arm embedded/5.4 2016q3/bin/../lib/gcc/arm-none-eabi/5.4.1/../../../../arm-none-eabi/lib/armv6-m\libg_nano.a(lib_a-findfp.o)
                0x08001cfc                __sf_fake_stderr
 .rodata.str1.1
                0x08001d1c       0x11 c:/dev/gnu tools arm embedded/5.4 2016q3/bin/../lib/gcc/arm-none-eabi/5.4.1/../../../../arm-none-eabi/lib/armv6-m\libg_nano.a(lib_a-nano-svfprintf.o)
 .rodata.str1.1
                0x08001d2d       0x22 c:/dev/gnu tools arm embedded/5.4 2016q3/bin/../lib/gcc/arm-none-eabi/5.4.1/../../../../arm-none-eabi/lib/armv6-m\libg_nano.a(lib_a-nano-vfprintf_i.o)
 *(vtable)
 *(.eh_frame*)
 *(.glue_7)
 .glue_7        0x08001d4f        0x0 linker stubs
 *(.glue_7t)
 .glue_7t       0x08001d4f        0x0 linker stubs

.vfp11_veneer   0x08001d50        0x0
 .vfp11_veneer  0x08001d50        0x0 linker stubs

.v4_bx          0x08001d50        0x0
 .v4_bx         0x08001d50        0x0 linker stubs

.iplt           0x08001d50        0x0
 .iplt          0x08001d50        0x0 ./system/src/stm32f0-hal/stm32f0xx_hal.o

.rel.dyn        0x08001d50        0x0
 .rel.iplt      0x08001d50        0x0 ./system/src/stm32f0-hal/stm32f0xx_hal.o

.ARM.extab
 *(.ARM.extab* .gnu.linkonce.armextab.*)
                0x08001d50                . = ALIGN (0x4)
                0x08001d50                __exidx_start = .

.ARM.exidx
 *(.ARM.exidx* .gnu.linkonce.armexidx.*)
                0x08001d50                __exidx_end = .
                0x08001d50                . = ALIGN (0x4)
                0x08001d50                _etext = .
                0x08001d50                __etext = .

.data_CCMRAM    0x00000000        0x0 load address 0x08001d50
 FILL mask 0xff
 *(.data.CCMRAM .data.CCMRAM.*)
                0x00000000                . = ALIGN (0x4)
                0x08001d50                _sidata = LOADADDR (.data)

.data           0x20000000       0x84 load address 0x08001d50
 FILL mask 0xff
                0x20000000                _sdata = .
                0x20000000                __data_start__ = .
 *(.data_begin .data_begin.*)
 .data_begin    0x20000000        0x4 ./system/src/newlib/startup.o
 *(.data .data.*)
 .data.uwTickPrio
                0x20000004        0x4 ./system/src/stm32f0-hal/stm32f0xx_hal.o
                0x20000004                uwTickPrio
 .data.uwTickFreq
                0x20000008        0x1 ./system/src/stm32f0-hal/stm32f0xx_hal.o
                0x20000008                uwTickFreq
 *fill*         0x20000009        0x3 ff
 .data.argv.4770
                0x2000000c        0x8 ./system/src/newlib/syscalls.o
 .data.SystemCoreClock
                0x20000014        0x4 ./system/src/cmsis/system_stm32f0xx.o
                0x20000014                SystemCoreClock
 .data.blinkingLED
                0x20000018        0x2 ./src/main.o
                0x20000018                blinkingLED
 *fill*         0x2000001a        0x2 ff
 .data.impure_data
                0x2000001c       0x60 c:/dev/gnu tools arm embedded/5.4 2016q3/bin/../lib/gcc/arm-none-eabi/5.4.1/../../../../arm-none-eabi/lib/armv6-m\libg_nano.a(lib_a-impure.o)
 .data._impure_ptr
                0x2000007c        0x4 c:/dev/gnu tools arm embedded/5.4 2016q3/bin/../lib/gcc/arm-none-eabi/5.4.1/../../../../arm-none-eabi/lib/armv6-m\libg_nano.a(lib_a-impure.o)
                0x2000007c                _impure_ptr
 *(.data_end .data_end.*)
 .data_end      0x20000080        0x4 ./system/src/newlib/startup.o
                0x20000084                . = ALIGN (0x4)
                0x20000084                _edata = .
                0x20000084                __data_end__ = .

.igot.plt       0x20000084        0x0 load address 0x08001dd4
 .igot.plt      0x20000084        0x0 ./system/src/stm32f0-hal/stm32f0xx_hal.o

.bss_CCMRAM     0x00000000        0x0
 *(.bss.CCMRAM .bss.CCMRAM.*)

.bss            0x20000084       0x9c
                0x20000084                __bss_start__ = .
                0x20000084                _sbss = .
 *(.bss_begin .bss_begin.*)
 .bss_begin     0x20000084        0x4 ./system/src/newlib/startup.o
 *(.bss .bss.*)
 .bss.current_heap_end.4454
                0x20000088        0x4 ./system/src/newlib/sbrk.o
 .bss.name.4769
                0x2000008c        0x1 ./system/src/newlib/syscalls.o
 *fill*         0x2000008d        0x3 
 .bss.buf.5659  0x20000090       0x80 ./system/src/diag/trace.o
 .bss.__malloc_sbrk_start
                0x20000110        0x4 c:/dev/gnu tools arm embedded/5.4 2016q3/bin/../lib/gcc/arm-none-eabi/5.4.1/../../../../arm-none-eabi/lib/armv6-m\libg_nano.a(lib_a-nano-mallocr.o)
                0x20000110                __malloc_sbrk_start
 .bss.__malloc_free_list
                0x20000114        0x4 c:/dev/gnu tools arm embedded/5.4 2016q3/bin/../lib/gcc/arm-none-eabi/5.4.1/../../../../arm-none-eabi/lib/armv6-m\libg_nano.a(lib_a-nano-mallocr.o)
                0x20000114                __malloc_free_list
 *(COMMON)
 COMMON         0x20000118        0x4 ./system/src/newlib/syscalls.o
                0x20000118                errno
 *(.bss_end .bss_end.*)
 .bss_end       0x2000011c        0x4 ./system/src/newlib/startup.o
                0x20000120                . = ALIGN (0x4)
                0x20000120                __bss_end__ = .
                0x20000120                _ebss = .

.noinit_CCMRAM
 *(.noinit.CCMRAM .noinit.CCMRAM.*)

.noinit         0x20000120        0x0
                0x20000120                _noinit = .
 *(.noinit .noinit.*)
                0x20000120                . = ALIGN (0x4)
                0x20000120                _end_noinit = .
                [!provide]                PROVIDE (end, _end_noinit)
                [!provide]                PROVIDE (_end, _end_noinit)
                [!provide]                PROVIDE (__end, _end_noinit)
                [!provide]                PROVIDE (__end__, _end_noinit)

._check_stack   0x20000120      0x100
                0x20000220                . = (. + _Minimum_Stack_Size)
 *fill*         0x20000120      0x100 

.b1text
 *(.b1text)
 *(.b1rodata)
 *(.b1rodata.*)

.eb0text
 *(.eb0text)
 *(.eb0rodata)
 *(.eb0rodata.*)

.eb1text
 *(.eb1text)
 *(.eb1rodata)
 *(.eb1rodata.*)

.eb2text
 *(.eb2text)
 *(.eb2rodata)
 *(.eb2rodata.*)

.eb3text
 *(.eb3text)
 *(.eb3rodata)
 *(.eb3rodata.*)

.stab
 *(.stab)

.stabstr
 *(.stabstr)

.stab.excl
 *(.stab.excl)

.stab.exclstr
 *(.stab.exclstr)

.stab.index
 *(.stab.index)

.stab.indexstr
 *(.stab.indexstr)

.comment        0x00000000       0x6e
 *(.comment)
 .comment       0x00000000       0x6e ./system/src/stm32f0-hal/stm32f0xx_hal.o
                                 0x6f (size before relaxing)
 .comment       0x0000006e       0x6f ./system/src/stm32f0-hal/stm32f0xx_hal_cortex.o
 .comment       0x0000006e       0x6f ./system/src/stm32f0-hal/stm32f0xx_hal_rcc.o
 .comment       0x0000006e       0x6f ./system/src/newlib/exit.o
 .comment       0x0000006e       0x6f ./system/src/newlib/sbrk.o
 .comment       0x0000006e       0x6f ./system/src/newlib/startup.o
 .comment       0x0000006e       0x6f ./system/src/newlib/syscalls.o
 .comment       0x0000006e       0x6f ./system/src/diag/trace-impl.o
 .comment       0x0000006e       0x6f ./system/src/diag/trace.o
 .comment       0x0000006e       0x6f ./system/src/cortexm/exception-handlers.o
 .comment       0x0000006e       0x6f ./system/src/cortexm/initialize-hardware.o
 .comment       0x0000006e       0x6f ./system/src/cmsis/system_stm32f0xx.o
 .comment       0x0000006e       0x6f ./system/src/cmsis/vectors_stm32f051x8.o
 .comment       0x0000006e       0x6f ./src/initialize-hardware.o
 .comment       0x0000006e       0x6f ./src/main.o
 .comment       0x0000006e       0x6f ./src/stm32f0xx_hal_msp.o
 .comment       0x0000006e       0x6f ./src/write.o

.ARM.attributes
                0x00000000       0x2f
 .ARM.attributes
                0x00000000       0x31 ./system/src/stm32f0-hal/stm32f0xx_hal.o
 .ARM.attributes
                0x00000031       0x31 ./system/src/stm32f0-hal/stm32f0xx_hal_cortex.o
 .ARM.attributes
                0x00000062       0x31 ./system/src/stm32f0-hal/stm32f0xx_hal_rcc.o
 .ARM.attributes
                0x00000093       0x31 ./system/src/newlib/exit.o
 .ARM.attributes
                0x000000c4       0x31 ./system/src/newlib/sbrk.o
 .ARM.attributes
                0x000000f5       0x31 ./system/src/newlib/startup.o
 .ARM.attributes
                0x00000126       0x31 ./system/src/newlib/syscalls.o
 .ARM.attributes
                0x00000157       0x31 ./system/src/diag/trace-impl.o
 .ARM.attributes
                0x00000188       0x31 ./system/src/diag/trace.o
 .ARM.attributes
                0x000001b9       0x31 ./system/src/cortexm/exception-handlers.o
 .ARM.attributes
                0x000001ea       0x31 ./system/src/cortexm/initialize-hardware.o
 .ARM.attributes
                0x0000021b       0x31 ./system/src/cmsis/system_stm32f0xx.o
 .ARM.attributes
                0x0000024c       0x31 ./system/src/cmsis/vectors_stm32f051x8.o
 .ARM.attributes
                0x0000027d       0x31 ./src/initialize-hardware.o
 .ARM.attributes
                0x000002ae       0x31 ./src/main.o
 .ARM.attributes
                0x000002df       0x31 ./src/stm32f0xx_hal_msp.o
 .ARM.attributes
                0x00000310       0x31 ./src/write.o
 .ARM.attributes
                0x00000341       0x1e c:/dev/gnu tools arm embedded/5.4 2016q3/bin/../lib/gcc/arm-none-eabi/5.4.1/armv6-m\libgcc.a(_udivsi3.o)
 .ARM.attributes
                0x0000035f       0x1e c:/dev/gnu tools arm embedded/5.4 2016q3/bin/../lib/gcc/arm-none-eabi/5.4.1/armv6-m\libgcc.a(_dvmd_tls.o)
 .ARM.attributes
                0x0000037d       0x2c c:/dev/gnu tools arm embedded/5.4 2016q3/bin/../lib/gcc/arm-none-eabi/5.4.1/../../../../arm-none-eabi/lib/armv6-m\libg_nano.a(lib_a-errno.o)
 .ARM.attributes
                0x000003a9       0x2c c:/dev/gnu tools arm embedded/5.4 2016q3/bin/../lib/gcc/arm-none-eabi/5.4.1/../../../../arm-none-eabi/lib/armv6-m\libg_nano.a(lib_a-fwrite.o)
 .ARM.attributes
                0x000003d5       0x2c c:/dev/gnu tools arm embedded/5.4 2016q3/bin/../lib/gcc/arm-none-eabi/5.4.1/../../../../arm-none-eabi/lib/armv6-m\libg_nano.a(lib_a-impure.o)
 .ARM.attributes
                0x00000401       0x2c c:/dev/gnu tools arm embedded/5.4 2016q3/bin/../lib/gcc/arm-none-eabi/5.4.1/../../../../arm-none-eabi/lib/armv6-m\libg_nano.a(lib_a-memcpy-stub.o)
 .ARM.attributes
                0x0000042d       0x2c c:/dev/gnu tools arm embedded/5.4 2016q3/bin/../lib/gcc/arm-none-eabi/5.4.1/../../../../arm-none-eabi/lib/armv6-m\libg_nano.a(lib_a-puts.o)
 .ARM.attributes
                0x00000459       0x1c c:/dev/gnu tools arm embedded/5.4 2016q3/bin/../lib/gcc/arm-none-eabi/5.4.1/../../../../arm-none-eabi/lib/armv6-m\libg_nano.a(lib_a-strlen.o)
 .ARM.attributes
                0x00000475       0x2c c:/dev/gnu tools arm embedded/5.4 2016q3/bin/../lib/gcc/arm-none-eabi/5.4.1/../../../../arm-none-eabi/lib/armv6-m\libg_nano.a(lib_a-vsnprintf.o)
 .ARM.attributes
                0x000004a1       0x2c c:/dev/gnu tools arm embedded/5.4 2016q3/bin/../lib/gcc/arm-none-eabi/5.4.1/../../../../arm-none-eabi/lib/armv6-m\libg_nano.a(lib_a-wbuf.o)
 .ARM.attributes
                0x000004cd       0x2c c:/dev/gnu tools arm embedded/5.4 2016q3/bin/../lib/gcc/arm-none-eabi/5.4.1/../../../../arm-none-eabi/lib/armv6-m\libg_nano.a(lib_a-wsetup.o)
 .ARM.attributes
                0x000004f9       0x2c c:/dev/gnu tools arm embedded/5.4 2016q3/bin/../lib/gcc/arm-none-eabi/5.4.1/../../../../arm-none-eabi/lib/armv6-m\libg_nano.a(lib_a-fflush.o)
 .ARM.attributes
                0x00000525       0x2c c:/dev/gnu tools arm embedded/5.4 2016q3/bin/../lib/gcc/arm-none-eabi/5.4.1/../../../../arm-none-eabi/lib/armv6-m\libg_nano.a(lib_a-findfp.o)
 .ARM.attributes
                0x00000551       0x2c c:/dev/gnu tools arm embedded/5.4 2016q3/bin/../lib/gcc/arm-none-eabi/5.4.1/../../../../arm-none-eabi/lib/armv6-m\libg_nano.a(lib_a-fwalk.o)
 .ARM.attributes
                0x0000057d       0x2c c:/dev/gnu tools arm embedded/5.4 2016q3/bin/../lib/gcc/arm-none-eabi/5.4.1/../../../../arm-none-eabi/lib/armv6-m\libg_nano.a(lib_a-makebuf.o)
 .ARM.attributes
                0x000005a9       0x2c c:/dev/gnu tools arm embedded/5.4 2016q3/bin/../lib/gcc/arm-none-eabi/5.4.1/../../../../arm-none-eabi/lib/armv6-m\libg_nano.a(lib_a-memset.o)
 .ARM.attributes
                0x000005d5       0x2c c:/dev/gnu tools arm embedded/5.4 2016q3/bin/../lib/gcc/arm-none-eabi/5.4.1/../../../../arm-none-eabi/lib/armv6-m\libg_nano.a(lib_a-nano-freer.o)
 .ARM.attributes
                0x00000601       0x2c c:/dev/gnu tools arm embedded/5.4 2016q3/bin/../lib/gcc/arm-none-eabi/5.4.1/../../../../arm-none-eabi/lib/armv6-m\libg_nano.a(lib_a-nano-mallocr.o)
 .ARM.attributes
                0x0000062d       0x2c c:/dev/gnu tools arm embedded/5.4 2016q3/bin/../lib/gcc/arm-none-eabi/5.4.1/../../../../arm-none-eabi/lib/armv6-m\libg_nano.a(lib_a-nano-svfprintf.o)
 .ARM.attributes
                0x00000659       0x2c c:/dev/gnu tools arm embedded/5.4 2016q3/bin/../lib/gcc/arm-none-eabi/5.4.1/../../../../arm-none-eabi/lib/armv6-m\libg_nano.a(lib_a-nano-vfprintf_i.o)
 .ARM.attributes
                0x00000685       0x2c c:/dev/gnu tools arm embedded/5.4 2016q3/bin/../lib/gcc/arm-none-eabi/5.4.1/../../../../arm-none-eabi/lib/armv6-m\libg_nano.a(lib_a-sbrkr.o)
 .ARM.attributes
                0x000006b1       0x2c c:/dev/gnu tools arm embedded/5.4 2016q3/bin/../lib/gcc/arm-none-eabi/5.4.1/../../../../arm-none-eabi/lib/armv6-m\libg_nano.a(lib_a-stdio.o)
 .ARM.attributes
                0x000006dd       0x2c c:/dev/gnu tools arm embedded/5.4 2016q3/bin/../lib/gcc/arm-none-eabi/5.4.1/../../../../arm-none-eabi/lib/armv6-m\libg_nano.a(lib_a-writer.o)
 .ARM.attributes
                0x00000709       0x2c c:/dev/gnu tools arm embedded/5.4 2016q3/bin/../lib/gcc/arm-none-eabi/5.4.1/../../../../arm-none-eabi/lib/armv6-m\libg_nano.a(lib_a-closer.o)
 .ARM.attributes
                0x00000735       0x2c c:/dev/gnu tools arm embedded/5.4 2016q3/bin/../lib/gcc/arm-none-eabi/5.4.1/../../../../arm-none-eabi/lib/armv6-m\libg_nano.a(lib_a-fstatr.o)
 .ARM.attributes
                0x00000761       0x2c c:/dev/gnu tools arm embedded/5.4 2016q3/bin/../lib/gcc/arm-none-eabi/5.4.1/../../../../arm-none-eabi/lib/armv6-m\libg_nano.a(lib_a-isattyr.o)
 .ARM.attributes
                0x0000078d       0x2c c:/dev/gnu tools arm embedded/5.4 2016q3/bin/../lib/gcc/arm-none-eabi/5.4.1/../../../../arm-none-eabi/lib/armv6-m\libg_nano.a(lib_a-lseekr.o)
 .ARM.attributes
                0x000007b9       0x2c c:/dev/gnu tools arm embedded/5.4 2016q3/bin/../lib/gcc/arm-none-eabi/5.4.1/../../../../arm-none-eabi/lib/armv6-m\libg_nano.a(lib_a-memchr-stub.o)
 .ARM.attributes
                0x000007e5       0x2c c:/dev/gnu tools arm embedded/5.4 2016q3/bin/../lib/gcc/arm-none-eabi/5.4.1/../../../../arm-none-eabi/lib/armv6-m\libg_nano.a(lib_a-memmove.o)
 .ARM.attributes
                0x00000811       0x2c c:/dev/gnu tools arm embedded/5.4 2016q3/bin/../lib/gcc/arm-none-eabi/5.4.1/../../../../arm-none-eabi/lib/armv6-m\libg_nano.a(lib_a-mlock.o)
 .ARM.attributes
                0x0000083d       0x2c c:/dev/gnu tools arm embedded/5.4 2016q3/bin/../lib/gcc/arm-none-eabi/5.4.1/../../../../arm-none-eabi/lib/armv6-m\libg_nano.a(lib_a-nano-reallocr.o)
 .ARM.attributes
                0x00000869       0x2c c:/dev/gnu tools arm embedded/5.4 2016q3/bin/../lib/gcc/arm-none-eabi/5.4.1/../../../../arm-none-eabi/lib/armv6-m\libg_nano.a(lib_a-readr.o)
 .ARM.attributes
                0x00000895       0x2c c:/dev/gnu tools arm embedded/5.4 2016q3/bin/../lib/gcc/arm-none-eabi/5.4.1/../../../../arm-none-eabi/lib/armv6-m\libg_nano.a(lib_a-nano-msizer.o)

.debug
 *(.debug)

.line
 *(.line)

.debug_srcinfo
 *(.debug_srcinfo)

.debug_sfnames
 *(.debug_sfnames)

.debug_aranges  0x00000000      0x520
 *(.debug_aranges)
 .debug_aranges
                0x00000000       0xd0 ./system/src/stm32f0-hal/stm32f0xx_hal.o
 .debug_aranges
                0x000000d0       0x78 ./system/src/stm32f0-hal/stm32f0xx_hal_cortex.o
 .debug_aranges
                0x00000148       0x80 ./system/src/stm32f0-hal/stm32f0xx_hal_rcc.o
 .debug_aranges
                0x000001c8       0x28 ./system/src/newlib/exit.o
 .debug_aranges
                0x000001f0       0x20 ./system/src/newlib/sbrk.o
 .debug_aranges
                0x00000210       0x40 ./system/src/newlib/startup.o
 .debug_aranges
                0x00000250       0xd0 ./system/src/newlib/syscalls.o
 .debug_aranges
                0x00000320       0x30 ./system/src/diag/trace-impl.o
 .debug_aranges
                0x00000350       0x38 ./system/src/diag/trace.o
 .debug_aranges
                0x00000388       0x58 ./system/src/cortexm/exception-handlers.o
 .debug_aranges
                0x000003e0       0x28 ./system/src/cortexm/initialize-hardware.o
 .debug_aranges
                0x00000408       0x28 ./system/src/cmsis/system_stm32f0xx.o
 .debug_aranges
                0x00000430       0x20 ./system/src/cmsis/vectors_stm32f051x8.o
 .debug_aranges
                0x00000450       0x30 ./src/initialize-hardware.o
 .debug_aranges
                0x00000480       0x48 ./src/main.o
 .debug_aranges
                0x000004c8       0x38 ./src/stm32f0xx_hal_msp.o
 .debug_aranges
                0x00000500       0x20 ./src/write.o

.debug_pubnames
 *(.debug_pubnames)

.debug_info     0x00000000     0x4cb3
 *(.debug_info .gnu.linkonce.wi.*)
 .debug_info    0x00000000      0x6fe ./system/src/stm32f0-hal/stm32f0xx_hal.o
 .debug_info    0x000006fe      0x873 ./system/src/stm32f0-hal/stm32f0xx_hal_cortex.o
 .debug_info    0x00000f71      0xcb1 ./system/src/stm32f0-hal/stm32f0xx_hal_rcc.o
 .debug_info    0x00001c22       0xef ./system/src/newlib/exit.o
 .debug_info    0x00001d11      0x11f ./system/src/newlib/sbrk.o
 .debug_info    0x00001e30      0x460 ./system/src/newlib/startup.o
 .debug_info    0x00002290      0x988 ./system/src/newlib/syscalls.o
 .debug_info    0x00002c18      0x2eb ./system/src/diag/trace-impl.o
 .debug_info    0x00002f03      0x2e7 ./system/src/diag/trace.o
 .debug_info    0x000031ea      0x332 ./system/src/cortexm/exception-handlers.o
 .debug_info    0x0000351c       0xd2 ./system/src/cortexm/initialize-hardware.o
 .debug_info    0x000035ee      0x23f ./system/src/cmsis/system_stm32f0xx.o
 .debug_info    0x0000382d       0xd0 ./system/src/cmsis/vectors_stm32f051x8.o
 .debug_info    0x000038fd      0x1b8 ./src/initialize-hardware.o
 .debug_info    0x00003ab5     0x100a ./src/main.o
 .debug_info    0x00004abf       0xc2 ./src/stm32f0xx_hal_msp.o
 .debug_info    0x00004b81      0x132 ./src/write.o

.debug_abbrev   0x00000000     0x16a0
 *(.debug_abbrev)
 .debug_abbrev  0x00000000      0x224 ./system/src/stm32f0-hal/stm32f0xx_hal.o
 .debug_abbrev  0x00000224      0x27a ./system/src/stm32f0-hal/stm32f0xx_hal_cortex.o
 .debug_abbrev  0x0000049e      0x257 ./system/src/stm32f0-hal/stm32f0xx_hal_rcc.o
 .debug_abbrev  0x000006f5       0x8e ./system/src/newlib/exit.o
 .debug_abbrev  0x00000783       0xb9 ./system/src/newlib/sbrk.o
 .debug_abbrev  0x0000083c      0x1ac ./system/src/newlib/startup.o
 .debug_abbrev  0x000009e8      0x169 ./system/src/newlib/syscalls.o
 .debug_abbrev  0x00000b51      0x1ae ./system/src/diag/trace-impl.o
 .debug_abbrev  0x00000cff      0x156 ./system/src/diag/trace.o
 .debug_abbrev  0x00000e55      0x15c ./system/src/cortexm/exception-handlers.o
 .debug_abbrev  0x00000fb1       0x63 ./system/src/cortexm/initialize-hardware.o
 .debug_abbrev  0x00001014       0xf3 ./system/src/cmsis/system_stm32f0xx.o
 .debug_abbrev  0x00001107       0x9d ./system/src/cmsis/vectors_stm32f051x8.o
 .debug_abbrev  0x000011a4       0xe7 ./src/initialize-hardware.o
 .debug_abbrev  0x0000128b      0x317 ./src/main.o
 .debug_abbrev  0x000015a2       0x45 ./src/stm32f0xx_hal_msp.o
 .debug_abbrev  0x000015e7       0xb9 ./src/write.o

.debug_line     0x00000000     0x6c66
 *(.debug_line)
 .debug_line    0x00000000      0x8e7 ./system/src/stm32f0-hal/stm32f0xx_hal.o
 .debug_line    0x000008e7      0x8bf ./system/src/stm32f0-hal/stm32f0xx_hal_cortex.o
 .debug_line    0x000011a6      0xb53 ./system/src/stm32f0-hal/stm32f0xx_hal_rcc.o
 .debug_line    0x00001cf9      0x2fc ./system/src/newlib/exit.o
 .debug_line    0x00001ff5      0x2ac ./system/src/newlib/sbrk.o
 .debug_line    0x000022a1      0x36c ./system/src/newlib/startup.o
 .debug_line    0x0000260d      0x521 ./system/src/newlib/syscalls.o
 .debug_line    0x00002b2e      0x8b6 ./system/src/diag/trace-impl.o
 .debug_line    0x000033e4      0x36c ./system/src/diag/trace.o
 .debug_line    0x00003750      0x906 ./system/src/cortexm/exception-handlers.o
 .debug_line    0x00004056      0x751 ./system/src/cortexm/initialize-hardware.o
 .debug_line    0x000047a7      0x749 ./system/src/cmsis/system_stm32f0xx.o
 .debug_line    0x00004ef0      0x20c ./system/src/cmsis/vectors_stm32f051x8.o
 .debug_line    0x000050fc      0x84c ./src/initialize-hardware.o
 .debug_line    0x00005948      0x8ff ./src/main.o
 .debug_line    0x00006247      0x74c ./src/stm32f0xx_hal_msp.o
 .debug_line    0x00006993      0x2d3 ./src/write.o

.debug_frame    0x00000000     0x1268
 *(.debug_frame)
 .debug_frame   0x00000000      0x1b0 ./system/src/stm32f0-hal/stm32f0xx_hal.o
 .debug_frame   0x000001b0      0x114 ./system/src/stm32f0-hal/stm32f0xx_hal_cortex.o
 .debug_frame   0x000002c4      0x144 ./system/src/stm32f0-hal/stm32f0xx_hal_rcc.o
 .debug_frame   0x00000408       0x38 ./system/src/newlib/exit.o
 .debug_frame   0x00000440       0x28 ./system/src/newlib/sbrk.o
 .debug_frame   0x00000468       0x80 ./system/src/newlib/startup.o
 .debug_frame   0x000004e8      0x230 ./system/src/newlib/syscalls.o
 .debug_frame   0x00000718       0x60 ./system/src/diag/trace-impl.o
 .debug_frame   0x00000778       0x78 ./system/src/diag/trace.o
 .debug_frame   0x000007f0       0xb0 ./system/src/cortexm/exception-handlers.o
 .debug_frame   0x000008a0       0x40 ./system/src/cortexm/initialize-hardware.o
 .debug_frame   0x000008e0       0x38 ./system/src/cmsis/system_stm32f0xx.o
 .debug_frame   0x00000918       0x20 ./system/src/cmsis/vectors_stm32f051x8.o
 .debug_frame   0x00000938       0x58 ./src/initialize-hardware.o
 .debug_frame   0x00000990       0x88 ./src/main.o
 .debug_frame   0x00000a18       0x50 ./src/stm32f0xx_hal_msp.o
 .debug_frame   0x00000a68       0x28 ./src/write.o
 .debug_frame   0x00000a90       0x20 c:/dev/gnu tools arm embedded/5.4 2016q3/bin/../lib/gcc/arm-none-eabi/5.4.1/armv6-m\libgcc.a(_udivsi3.o)
 .debug_frame   0x00000ab0       0x20 c:/dev/gnu tools arm embedded/5.4 2016q3/bin/../lib/gcc/arm-none-eabi/5.4.1/../../../../arm-none-eabi/lib/armv6-m\libg_nano.a(lib_a-errno.o)
 .debug_frame   0x00000ad0       0x50 c:/dev/gnu tools arm embedded/5.4 2016q3/bin/../lib/gcc/arm-none-eabi/5.4.1/../../../../arm-none-eabi/lib/armv6-m\libg_nano.a(lib_a-fwrite.o)
 .debug_frame   0x00000b20       0x28 c:/dev/gnu tools arm embedded/5.4 2016q3/bin/../lib/gcc/arm-none-eabi/5.4.1/../../../../arm-none-eabi/lib/armv6-m\libg_nano.a(lib_a-memcpy-stub.o)
 .debug_frame   0x00000b48       0x44 c:/dev/gnu tools arm embedded/5.4 2016q3/bin/../lib/gcc/arm-none-eabi/5.4.1/../../../../arm-none-eabi/lib/armv6-m\libg_nano.a(lib_a-puts.o)
 .debug_frame   0x00000b8c       0x48 c:/dev/gnu tools arm embedded/5.4 2016q3/bin/../lib/gcc/arm-none-eabi/5.4.1/../../../../arm-none-eabi/lib/armv6-m\libg_nano.a(lib_a-vsnprintf.o)
 .debug_frame   0x00000bd4       0x48 c:/dev/gnu tools arm embedded/5.4 2016q3/bin/../lib/gcc/arm-none-eabi/5.4.1/../../../../arm-none-eabi/lib/armv6-m\libg_nano.a(lib_a-wbuf.o)
 .debug_frame   0x00000c1c       0x2c c:/dev/gnu tools arm embedded/5.4 2016q3/bin/../lib/gcc/arm-none-eabi/5.4.1/../../../../arm-none-eabi/lib/armv6-m\libg_nano.a(lib_a-wsetup.o)
 .debug_frame   0x00000c48       0x68 c:/dev/gnu tools arm embedded/5.4 2016q3/bin/../lib/gcc/arm-none-eabi/5.4.1/../../../../arm-none-eabi/lib/armv6-m\libg_nano.a(lib_a-fflush.o)
 .debug_frame   0x00000cb0      0x140 c:/dev/gnu tools arm embedded/5.4 2016q3/bin/../lib/gcc/arm-none-eabi/5.4.1/../../../../arm-none-eabi/lib/armv6-m\libg_nano.a(lib_a-findfp.o)
 .debug_frame   0x00000df0       0x58 c:/dev/gnu tools arm embedded/5.4 2016q3/bin/../lib/gcc/arm-none-eabi/5.4.1/../../../../arm-none-eabi/lib/armv6-m\libg_nano.a(lib_a-fwalk.o)
 .debug_frame   0x00000e48       0x54 c:/dev/gnu tools arm embedded/5.4 2016q3/bin/../lib/gcc/arm-none-eabi/5.4.1/../../../../arm-none-eabi/lib/armv6-m\libg_nano.a(lib_a-makebuf.o)
 .debug_frame   0x00000e9c       0x20 c:/dev/gnu tools arm embedded/5.4 2016q3/bin/../lib/gcc/arm-none-eabi/5.4.1/../../../../arm-none-eabi/lib/armv6-m\libg_nano.a(lib_a-memset.o)
 .debug_frame   0x00000ebc       0x2c c:/dev/gnu tools arm embedded/5.4 2016q3/bin/../lib/gcc/arm-none-eabi/5.4.1/../../../../arm-none-eabi/lib/armv6-m\libg_nano.a(lib_a-nano-freer.o)
 .debug_frame   0x00000ee8       0x2c c:/dev/gnu tools arm embedded/5.4 2016q3/bin/../lib/gcc/arm-none-eabi/5.4.1/../../../../arm-none-eabi/lib/armv6-m\libg_nano.a(lib_a-nano-mallocr.o)
 .debug_frame   0x00000f14       0x74 c:/dev/gnu tools arm embedded/5.4 2016q3/bin/../lib/gcc/arm-none-eabi/5.4.1/../../../../arm-none-eabi/lib/armv6-m\libg_nano.a(lib_a-nano-svfprintf.o)
 .debug_frame   0x00000f88       0x54 c:/dev/gnu tools arm embedded/5.4 2016q3/bin/../lib/gcc/arm-none-eabi/5.4.1/../../../../arm-none-eabi/lib/armv6-m\libg_nano.a(lib_a-nano-vfprintf_i.o)
 .debug_frame   0x00000fdc       0x2c c:/dev/gnu tools arm embedded/5.4 2016q3/bin/../lib/gcc/arm-none-eabi/5.4.1/../../../../arm-none-eabi/lib/armv6-m\libg_nano.a(lib_a-sbrkr.o)
 .debug_frame   0x00001008       0x90 c:/dev/gnu tools arm embedded/5.4 2016q3/bin/../lib/gcc/arm-none-eabi/5.4.1/../../../../arm-none-eabi/lib/armv6-m\libg_nano.a(lib_a-stdio.o)
 .debug_frame   0x00001098       0x2c c:/dev/gnu tools arm embedded/5.4 2016q3/bin/../lib/gcc/arm-none-eabi/5.4.1/../../../../arm-none-eabi/lib/armv6-m\libg_nano.a(lib_a-writer.o)
 .debug_frame   0x000010c4       0x2c c:/dev/gnu tools arm embedded/5.4 2016q3/bin/../lib/gcc/arm-none-eabi/5.4.1/../../../../arm-none-eabi/lib/armv6-m\libg_nano.a(lib_a-closer.o)
 .debug_frame   0x000010f0       0x2c c:/dev/gnu tools arm embedded/5.4 2016q3/bin/../lib/gcc/arm-none-eabi/5.4.1/../../../../arm-none-eabi/lib/armv6-m\libg_nano.a(lib_a-fstatr.o)
 .debug_frame   0x0000111c       0x2c c:/dev/gnu tools arm embedded/5.4 2016q3/bin/../lib/gcc/arm-none-eabi/5.4.1/../../../../arm-none-eabi/lib/armv6-m\libg_nano.a(lib_a-isattyr.o)
 .debug_frame   0x00001148       0x2c c:/dev/gnu tools arm embedded/5.4 2016q3/bin/../lib/gcc/arm-none-eabi/5.4.1/../../../../arm-none-eabi/lib/armv6-m\libg_nano.a(lib_a-lseekr.o)
 .debug_frame   0x00001174       0x20 c:/dev/gnu tools arm embedded/5.4 2016q3/bin/../lib/gcc/arm-none-eabi/5.4.1/../../../../arm-none-eabi/lib/armv6-m\libg_nano.a(lib_a-memchr-stub.o)
 .debug_frame   0x00001194       0x28 c:/dev/gnu tools arm embedded/5.4 2016q3/bin/../lib/gcc/arm-none-eabi/5.4.1/../../../../arm-none-eabi/lib/armv6-m\libg_nano.a(lib_a-memmove.o)
 .debug_frame   0x000011bc       0x30 c:/dev/gnu tools arm embedded/5.4 2016q3/bin/../lib/gcc/arm-none-eabi/5.4.1/../../../../arm-none-eabi/lib/armv6-m\libg_nano.a(lib_a-mlock.o)
 .debug_frame   0x000011ec       0x30 c:/dev/gnu tools arm embedded/5.4 2016q3/bin/../lib/gcc/arm-none-eabi/5.4.1/../../../../arm-none-eabi/lib/armv6-m\libg_nano.a(lib_a-nano-reallocr.o)
 .debug_frame   0x0000121c       0x2c c:/dev/gnu tools arm embedded/5.4 2016q3/bin/../lib/gcc/arm-none-eabi/5.4.1/../../../../arm-none-eabi/lib/armv6-m\libg_nano.a(lib_a-readr.o)
 .debug_frame   0x00001248       0x20 c:/dev/gnu tools arm embedded/5.4 2016q3/bin/../lib/gcc/arm-none-eabi/5.4.1/../../../../arm-none-eabi/lib/armv6-m\libg_nano.a(lib_a-nano-msizer.o)

.debug_str      0x00000000    0x71fde
 *(.debug_str)
 .debug_str     0x00000000    0x6ae18 ./system/src/stm32f0-hal/stm32f0xx_hal.o
                              0x6b0c8 (size before relaxing)
 .debug_str     0x0006ae18      0x1ee ./system/src/stm32f0-hal/stm32f0xx_hal_cortex.o
                              0x6aec7 (size before relaxing)
 .debug_str     0x0006b006      0x3fe ./system/src/stm32f0-hal/stm32f0xx_hal_rcc.o
                              0x6af44 (size before relaxing)
 .debug_str     0x0006b404     0x4175 ./system/src/newlib/exit.o
                               0x6d40 (size before relaxing)
 .debug_str     0x0006f579      0x4dd ./system/src/newlib/sbrk.o
                               0x612b (size before relaxing)
 .debug_str     0x0006fa56      0x25f ./system/src/newlib/startup.o
                               0x5cab (size before relaxing)
 .debug_str     0x0006fcb5     0x1040 ./system/src/newlib/syscalls.o
                               0x7241 (size before relaxing)
 .debug_str     0x00070cf5      0x387 ./system/src/diag/trace-impl.o
                              0x6e1bc (size before relaxing)
 .debug_str     0x0007107c      0x884 ./system/src/diag/trace.o
                               0x7531 (size before relaxing)
 .debug_str     0x00071900      0x109 ./system/src/cortexm/exception-handlers.o
                              0x6ec1b (size before relaxing)
 .debug_str     0x00071a09       0x4d ./system/src/cortexm/initialize-hardware.o
                              0x6aa91 (size before relaxing)
 .debug_str     0x00071a56       0x46 ./system/src/cmsis/system_stm32f0xx.o
                              0x6ab05 (size before relaxing)
 .debug_str     0x00071a9c       0x59 ./system/src/cmsis/vectors_stm32f051x8.o
                               0x3309 (size before relaxing)
 .debug_str     0x00071af5       0x30 ./src/initialize-hardware.o
                              0x6df13 (size before relaxing)
 .debug_str     0x00071b25      0x46d ./src/main.o
                              0x6f9dc (size before relaxing)
 .debug_str     0x00071f92       0x3d ./src/stm32f0xx_hal_msp.o
                              0x6aa50 (size before relaxing)
 .debug_str     0x00071fcf        0xf ./src/write.o
                               0x70c8 (size before relaxing)

.debug_loc      0x00000000     0x17b6
 *(.debug_loc)
 .debug_loc     0x00000000       0xf3 ./system/src/stm32f0-hal/stm32f0xx_hal.o
 .debug_loc     0x000000f3      0x349 ./system/src/stm32f0-hal/stm32f0xx_hal_cortex.o
 .debug_loc     0x0000043c      0x574 ./system/src/stm32f0-hal/stm32f0xx_hal_rcc.o
 .debug_loc     0x000009b0       0x7b ./system/src/newlib/sbrk.o
 .debug_loc     0x00000a2b      0x265 ./system/src/newlib/startup.o
 .debug_loc     0x00000c90      0x549 ./system/src/newlib/syscalls.o
 .debug_loc     0x000011d9      0x17c ./system/src/diag/trace-impl.o
 .debug_loc     0x00001355      0x102 ./system/src/diag/trace.o
 .debug_loc     0x00001457       0x94 ./system/src/cortexm/exception-handlers.o
 .debug_loc     0x000014eb       0xfe ./system/src/cmsis/system_stm32f0xx.o
 .debug_loc     0x000015e9       0x58 ./src/initialize-hardware.o
 .debug_loc     0x00001641       0xc8 ./src/main.o
 .debug_loc     0x00001709       0xad ./src/write.o

.debug_macinfo
 *(.debug_macinfo)

.debug_weaknames
 *(.debug_weaknames)

.debug_funcnames
 *(.debug_funcnames)

.debug_typenames
 *(.debug_typenames)

.debug_varnames
 *(.debug_varnames)
OUTPUT(lab1.elf elf32-littlearm)

.debug_ranges   0x00000000      0x458
 .debug_ranges  0x00000000       0xc0 ./system/src/stm32f0-hal/stm32f0xx_hal.o
 .debug_ranges  0x000000c0       0x68 ./system/src/stm32f0-hal/stm32f0xx_hal_cortex.o
 .debug_ranges  0x00000128       0x88 ./system/src/stm32f0-hal/stm32f0xx_hal_rcc.o
 .debug_ranges  0x000001b0       0x18 ./system/src/newlib/exit.o
 .debug_ranges  0x000001c8       0x10 ./system/src/newlib/sbrk.o
 .debug_ranges  0x000001d8       0x48 ./system/src/newlib/startup.o
 .debug_ranges  0x00000220       0xc0 ./system/src/newlib/syscalls.o
 .debug_ranges  0x000002e0       0x38 ./system/src/diag/trace-impl.o
 .debug_ranges  0x00000318       0x28 ./system/src/diag/trace.o
 .debug_ranges  0x00000340       0x48 ./system/src/cortexm/exception-handlers.o
 .debug_ranges  0x00000388       0x18 ./system/src/cortexm/initialize-hardware.o
 .debug_ranges  0x000003a0       0x18 ./system/src/cmsis/system_stm32f0xx.o
 .debug_ranges  0x000003b8       0x10 ./system/src/cmsis/vectors_stm32f051x8.o
 .debug_ranges  0x000003c8       0x20 ./src/initialize-hardware.o
 .debug_ranges  0x000003e8       0x38 ./src/main.o
 .debug_ranges  0x00000420       0x28 ./src/stm32f0xx_hal_msp.o
 .debug_ranges  0x00000448       0x10 ./src/write.o

.debug_macro    0x00000000    0x12dec
 .debug_macro   0x00000000      0x2e9 ./system/src/stm32f0-hal/stm32f0xx_hal.o
 .debug_macro   0x000002e9      0x83e ./system/src/stm32f0-hal/stm32f0xx_hal.o
 .debug_macro   0x00000b27      0x193 ./system/src/stm32f0-hal/stm32f0xx_hal.o
 .debug_macro   0x00000cba       0x2e ./system/src/stm32f0-hal/stm32f0xx_hal.o
 .debug_macro   0x00000ce8       0x22 ./system/src/stm32f0-hal/stm32f0xx_hal.o
 .debug_macro   0x00000d0a       0x22 ./system/src/stm32f0-hal/stm32f0xx_hal.o
 .debug_macro   0x00000d2c       0x87 ./system/src/stm32f0-hal/stm32f0xx_hal.o
 .debug_macro   0x00000db3       0x44 ./system/src/stm32f0-hal/stm32f0xx_hal.o
 .debug_macro   0x00000df7       0xfd ./system/src/stm32f0-hal/stm32f0xx_hal.o
 .debug_macro   0x00000ef4       0x5e ./system/src/stm32f0-hal/stm32f0xx_hal.o
 .debug_macro   0x00000f52      0x1df ./system/src/stm32f0-hal/stm32f0xx_hal.o
 .debug_macro   0x00001131       0x1c ./system/src/stm32f0-hal/stm32f0xx_hal.o
 .debug_macro   0x0000114d       0x22 ./system/src/stm32f0-hal/stm32f0xx_hal.o
 .debug_macro   0x0000116f       0xb5 ./system/src/stm32f0-hal/stm32f0xx_hal.o
 .debug_macro   0x00001224      0x391 ./system/src/stm32f0-hal/stm32f0xx_hal.o
 .debug_macro   0x000015b5     0x8cdd ./system/src/stm32f0-hal/stm32f0xx_hal.o
 .debug_macro   0x0000a292       0x3c ./system/src/stm32f0-hal/stm32f0xx_hal.o
 .debug_macro   0x0000a2ce      0x174 ./system/src/stm32f0-hal/stm32f0xx_hal.o
 .debug_macro   0x0000a442       0x54 ./system/src/stm32f0-hal/stm32f0xx_hal.o
 .debug_macro   0x0000a496      0x924 ./system/src/stm32f0-hal/stm32f0xx_hal.o
 .debug_macro   0x0000adba      0x251 ./system/src/stm32f0-hal/stm32f0xx_hal.o
 .debug_macro   0x0000b00b      0x12f ./system/src/stm32f0-hal/stm32f0xx_hal.o
 .debug_macro   0x0000b13a      0x114 ./system/src/stm32f0-hal/stm32f0xx_hal.o
 .debug_macro   0x0000b24e      0x1a0 ./system/src/stm32f0-hal/stm32f0xx_hal.o
 .debug_macro   0x0000b3ee      0x1ed ./system/src/stm32f0-hal/stm32f0xx_hal.o
 .debug_macro   0x0000b5db       0x34 ./system/src/stm32f0-hal/stm32f0xx_hal.o
 .debug_macro   0x0000b60f       0x43 ./system/src/stm32f0-hal/stm32f0xx_hal.o
 .debug_macro   0x0000b652       0x28 ./system/src/stm32f0-hal/stm32f0xx_hal.o
 .debug_macro   0x0000b67a      0x33d ./system/src/stm32f0-hal/stm32f0xx_hal.o
 .debug_macro   0x0000b9b7       0xd4 ./system/src/stm32f0-hal/stm32f0xx_hal.o
 .debug_macro   0x0000ba8b      0x313 ./system/src/stm32f0-hal/stm32f0xx_hal.o
 .debug_macro   0x0000bd9e      0x28d ./system/src/stm32f0-hal/stm32f0xx_hal.o
 .debug_macro   0x0000c02b       0x7a ./system/src/stm32f0-hal/stm32f0xx_hal.o
 .debug_macro   0x0000c0a5       0x4c ./system/src/stm32f0-hal/stm32f0xx_hal.o
 .debug_macro   0x0000c0f1       0xd5 ./system/src/stm32f0-hal/stm32f0xx_hal.o
 .debug_macro   0x0000c1c6       0xd9 ./system/src/stm32f0-hal/stm32f0xx_hal.o
 .debug_macro   0x0000c29f       0xb0 ./system/src/stm32f0-hal/stm32f0xx_hal.o
 .debug_macro   0x0000c34f      0x199 ./system/src/stm32f0-hal/stm32f0xx_hal.o
 .debug_macro   0x0000c4e8      0x22c ./system/src/stm32f0-hal/stm32f0xx_hal.o
 .debug_macro   0x0000c714       0x60 ./system/src/stm32f0-hal/stm32f0xx_hal.o
 .debug_macro   0x0000c774       0xa5 ./system/src/stm32f0-hal/stm32f0xx_hal.o
 .debug_macro   0x0000c819      0x1b5 ./system/src/stm32f0-hal/stm32f0xx_hal.o
 .debug_macro   0x0000c9ce      0x2b8 ./system/src/stm32f0-hal/stm32f0xx_hal.o
 .debug_macro   0x0000cc86       0x2a ./system/src/stm32f0-hal/stm32f0xx_hal.o
 .debug_macro   0x0000ccb0       0x85 ./system/src/stm32f0-hal/stm32f0xx_hal.o
 .debug_macro   0x0000cd35       0x4c ./system/src/stm32f0-hal/stm32f0xx_hal.o
 .debug_macro   0x0000cd81      0x112 ./system/src/stm32f0-hal/stm32f0xx_hal.o
 .debug_macro   0x0000ce93      0x2e2 ./system/src/stm32f0-hal/stm32f0xx_hal.o
 .debug_macro   0x0000d175      0x2ca ./system/src/stm32f0-hal/stm32f0xx_hal.o
 .debug_macro   0x0000d43f       0xdd ./system/src/stm32f0-hal/stm32f0xx_hal.o
 .debug_macro   0x0000d51c      0x2b8 ./system/src/stm32f0-hal/stm32f0xx_hal.o
 .debug_macro   0x0000d7d4      0x124 ./system/src/stm32f0-hal/stm32f0xx_hal.o
 .debug_macro   0x0000d8f8      0x35a ./system/src/stm32f0-hal/stm32f0xx_hal.o
 .debug_macro   0x0000dc52      0x305 ./system/src/stm32f0-hal/stm32f0xx_hal.o
 .debug_macro   0x0000df57      0x8ae ./system/src/stm32f0-hal/stm32f0xx_hal.o
 .debug_macro   0x0000e805       0x28 ./system/src/stm32f0-hal/stm32f0xx_hal.o
 .debug_macro   0x0000e82d      0x3d0 ./system/src/stm32f0-hal/stm32f0xx_hal.o
 .debug_macro   0x0000ebfd      0x589 ./system/src/stm32f0-hal/stm32f0xx_hal.o
 .debug_macro   0x0000f186       0x3e ./system/src/stm32f0-hal/stm32f0xx_hal.o
 .debug_macro   0x0000f1c4      0x279 ./system/src/stm32f0-hal/stm32f0xx_hal.o
 .debug_macro   0x0000f43d       0x2a ./system/src/stm32f0-hal/stm32f0xx_hal.o
 .debug_macro   0x0000f467       0x8d ./system/src/stm32f0-hal/stm32f0xx_hal.o
 .debug_macro   0x0000f4f4      0x114 ./system/src/stm32f0-hal/stm32f0xx_hal.o
 .debug_macro   0x0000f608      0x2c5 ./system/src/stm32f0-hal/stm32f0xx_hal_cortex.o
 .debug_macro   0x0000f8cd      0x2d7 ./system/src/stm32f0-hal/stm32f0xx_hal_rcc.o
 .debug_macro   0x0000fba4      0x19c ./system/src/newlib/exit.o
 .debug_macro   0x0000fd40      0x151 ./system/src/newlib/sbrk.o
 .debug_macro   0x0000fe91       0x10 ./system/src/newlib/sbrk.o
 .debug_macro   0x0000fea1      0x23b ./system/src/newlib/sbrk.o
 .debug_macro   0x000100dc      0x170 ./system/src/newlib/startup.o
 .debug_macro   0x0001024c       0x52 ./system/src/newlib/startup.o
 .debug_macro   0x0001029e      0x1ff ./system/src/newlib/syscalls.o
 .debug_macro   0x0001049d       0x1c ./system/src/newlib/syscalls.o
 .debug_macro   0x000104b9       0x10 ./system/src/newlib/syscalls.o
 .debug_macro   0x000104c9       0x10 ./system/src/newlib/syscalls.o
 .debug_macro   0x000104d9       0x10 ./system/src/newlib/syscalls.o
 .debug_macro   0x000104e9       0x35 ./system/src/newlib/syscalls.o
 .debug_macro   0x0001051e      0x122 ./system/src/newlib/syscalls.o
 .debug_macro   0x00010640       0x88 ./system/src/newlib/syscalls.o
 .debug_macro   0x000106c8       0x2b ./system/src/newlib/syscalls.o
 .debug_macro   0x000106f3      0x118 ./system/src/newlib/syscalls.o
 .debug_macro   0x0001080b      0x159 ./system/src/newlib/syscalls.o
 .debug_macro   0x00010964       0x16 ./system/src/newlib/syscalls.o
 .debug_macro   0x0001097a      0x3f7 ./system/src/diag/trace-impl.o
 .debug_macro   0x00010d71       0x10 ./system/src/diag/trace-impl.o
 .debug_macro   0x00010d81      0x307 ./system/src/diag/trace-impl.o
 .debug_macro   0x00011088       0x22 ./system/src/diag/trace-impl.o
 .debug_macro   0x000110aa      0x1d9 ./system/src/diag/trace.o
 .debug_macro   0x00011283       0x16 ./system/src/diag/trace.o
 .debug_macro   0x00011299       0x97 ./system/src/diag/trace.o
 .debug_macro   0x00011330       0xfd ./system/src/diag/trace.o
 .debug_macro   0x0001142d       0x10 ./system/src/diag/trace.o
 .debug_macro   0x0001143d       0x16 ./system/src/diag/trace.o
 .debug_macro   0x00011453      0x18b ./system/src/diag/trace.o
 .debug_macro   0x000115de       0x4c ./system/src/diag/trace.o
 .debug_macro   0x0001162a       0x16 ./system/src/diag/trace.o
 .debug_macro   0x00011640      0x43d ./system/src/cortexm/exception-handlers.o
 .debug_macro   0x00011a7d       0x10 ./system/src/cortexm/exception-handlers.o
 .debug_macro   0x00011a8d      0x2cf ./system/src/cortexm/initialize-hardware.o
 .debug_macro   0x00011d5c      0x2c5 ./system/src/cmsis/system_stm32f0xx.o
 .debug_macro   0x00012021       0x73 ./system/src/cmsis/vectors_stm32f051x8.o
 .debug_macro   0x00012094      0x3dc ./src/initialize-hardware.o
 .debug_macro   0x00012470      0x43e ./src/main.o
 .debug_macro   0x000128ae       0xaf ./src/main.o
 .debug_macro   0x0001295d       0x4e ./src/main.o
 .debug_macro   0x000129ab      0x2c5 ./src/stm32f0xx_hal_msp.o
 .debug_macro   0x00012c70      0x17c ./src/write.o
